Component: ARM Compiler 5.06 update 4 (build 422) Tool: armlink [4d35d2]

==============================================================================

Section Cross References

    startup_stm32f427xx.o(STACK) refers (Special) to heapauxi.o(.text) for __use_two_region_memory
    startup_stm32f427xx.o(HEAP) refers (Special) to heapauxi.o(.text) for __use_two_region_memory
    startup_stm32f427xx.o(RESET) refers (Special) to heapauxi.o(.text) for __use_two_region_memory
    startup_stm32f427xx.o(RESET) refers to startup_stm32f427xx.o(STACK) for __initial_sp
    startup_stm32f427xx.o(RESET) refers to startup_stm32f427xx.o(.text) for Reset_Handler
    startup_stm32f427xx.o(RESET) refers to stm32f4xx_it.o(.text) for NMI_Handler
    startup_stm32f427xx.o(RESET) refers to can1.o(.text) for CAN1_TX_IRQHandler
    startup_stm32f427xx.o(RESET) refers to imu.o(.text) for EXTI9_5_IRQHandler
    startup_stm32f427xx.o(RESET) refers to usart.o(.text) for USART1_IRQHandler
    startup_stm32f427xx.o(RESET) refers to timer.o(.text) for TIM6_DAC_IRQHandler
    startup_stm32f427xx.o(RESET) refers to serial.o(.text) for DMA2_Stream1_IRQHandler
    startup_stm32f427xx.o(RESET) refers to remote.o(.text) for DMA2_Stream2_IRQHandler
    startup_stm32f427xx.o(RESET) refers to can2.o(.text) for CAN2_RX0_IRQHandler
    startup_stm32f427xx.o(RESET) refers to judgesystem.o(.text) for UART7_IRQHandler
    startup_stm32f427xx.o(.text) refers (Special) to heapauxi.o(.text) for __use_two_region_memory
    startup_stm32f427xx.o(.text) refers to system_stm32f4xx.o(.text) for SystemInit
    startup_stm32f427xx.o(.text) refers to __main.o(!!!main) for __main
    startup_stm32f427xx.o(.text) refers to startup_stm32f427xx.o(HEAP) for Heap_Mem
    startup_stm32f427xx.o(.text) refers to startup_stm32f427xx.o(STACK) for Stack_Mem
    stm32f4xx_adc.o(.text) refers to stm32f4xx_rcc.o(.text) for RCC_APB2PeriphResetCmd
    stm32f4xx_can.o(.text) refers to stm32f4xx_rcc.o(.text) for RCC_APB1PeriphResetCmd
    stm32f4xx_cryp.o(.text) refers to stm32f4xx_rcc.o(.text) for RCC_AHB2PeriphResetCmd
    stm32f4xx_cryp_aes.o(.text) refers to stm32f4xx_cryp.o(.text) for CRYP_KeyStructInit
    stm32f4xx_cryp_des.o(.text) refers to stm32f4xx_cryp.o(.text) for CRYP_KeyStructInit
    stm32f4xx_cryp_tdes.o(.text) refers to stm32f4xx_cryp.o(.text) for CRYP_KeyStructInit
    stm32f4xx_dac.o(.text) refers to stm32f4xx_rcc.o(.text) for RCC_APB1PeriphResetCmd
    stm32f4xx_dma2d.o(.text) refers to stm32f4xx_rcc.o(.text) for RCC_AHB1PeriphResetCmd
    stm32f4xx_fmc.o(.text) refers to stm32f4xx_fmc.o(.constdata) for FMC_DefaultTimingStruct
    stm32f4xx_gpio.o(.text) refers to stm32f4xx_rcc.o(.text) for RCC_AHB1PeriphResetCmd
    stm32f4xx_hash.o(.text) refers to stm32f4xx_rcc.o(.text) for RCC_AHB2PeriphResetCmd
    stm32f4xx_hash_md5.o(.text) refers to stm32f4xx_hash.o(.text) for HASH_DeInit
    stm32f4xx_hash_sha1.o(.text) refers to stm32f4xx_hash.o(.text) for HASH_DeInit
    stm32f4xx_i2c.o(.text) refers to stm32f4xx_rcc.o(.text) for RCC_APB1PeriphResetCmd
    stm32f4xx_ltdc.o(.text) refers to stm32f4xx_rcc.o(.text) for RCC_APB2PeriphResetCmd
    stm32f4xx_pwr.o(.text) refers to stm32f4xx_rcc.o(.text) for RCC_APB1PeriphResetCmd
    stm32f4xx_rcc.o(.text) refers to stm32f4xx_rcc.o(.data) for APBAHBPrescTable
    stm32f4xx_rng.o(.text) refers to stm32f4xx_rcc.o(.text) for RCC_AHB2PeriphResetCmd
    stm32f4xx_sai.o(.text) refers to stm32f4xx_rcc.o(.text) for RCC_APB2PeriphResetCmd
    stm32f4xx_sdio.o(.text) refers to stm32f4xx_rcc.o(.text) for RCC_APB2PeriphResetCmd
    stm32f4xx_spi.o(.text) refers to stm32f4xx_rcc.o(.text) for RCC_APB2PeriphResetCmd
    stm32f4xx_syscfg.o(.text) refers to stm32f4xx_rcc.o(.text) for RCC_APB2PeriphResetCmd
    stm32f4xx_tim.o(.text) refers to stm32f4xx_rcc.o(.text) for RCC_APB2PeriphResetCmd
    stm32f4xx_usart.o(.text) refers to stm32f4xx_rcc.o(.text) for RCC_APB2PeriphResetCmd
    stm32f4xx_wwdg.o(.text) refers to stm32f4xx_rcc.o(.text) for RCC_APB1PeriphResetCmd
    delay.o(.text) refers to misc.o(.text) for SysTick_CLKSourceConfig
    delay.o(.text) refers to delay.o(.data) for fac_us
    usart.o(.rev16_text) refers (Special) to use_no_semi_2.o(.text) for __use_no_semihosting
    usart.o(.revsh_text) refers (Special) to use_no_semi_2.o(.text) for __use_no_semihosting
    usart.o(.rrx_text) refers (Special) to use_no_semi_2.o(.text) for __use_no_semihosting
    usart.o(.text) refers (Special) to use_no_semi_2.o(.text) for __use_no_semihosting
    usart.o(.text) refers to stm32f4xx_rcc.o(.text) for RCC_AHB1PeriphClockCmd
    usart.o(.text) refers to stm32f4xx_gpio.o(.text) for GPIO_PinAFConfig
    usart.o(.text) refers to stm32f4xx_usart.o(.text) for USART_Init
    usart.o(.text) refers to misc.o(.text) for NVIC_Init
    usart.o(.text) refers to usart.o(.data) for USART_RX_STA
    usart.o(.text) refers to usart.o(.bss) for USART_RX_BUF
    usart.o(.bss) refers (Special) to use_no_semi_2.o(.text) for __use_no_semihosting
[...]
    SPI_NSSInternalSoftwareConfig            0x08002943   Thumb Code    30  stm32f4xx_spi.o(.text)
    SPI_SSOutputCmd                          0x08002961   Thumb Code    24  stm32f4xx_spi.o(.text)
    SPI_TIModeCmd                            0x08002979   Thumb Code    24  stm32f4xx_spi.o(.text)
    I2S_FullDuplexConfig                     0x08002991   Thumb Code    80  stm32f4xx_spi.o(.text)
    SPI_I2S_ReceiveData                      0x080029e1   Thumb Code     6  stm32f4xx_spi.o(.text)
    SPI_I2S_SendData                         0x080029e7   Thumb Code     4  stm32f4xx_spi.o(.text)
    SPI_CalculateCRC                         0x080029eb   Thumb Code    24  stm32f4xx_spi.o(.text)
    SPI_TransmitCRC                          0x08002a03   Thumb Code    10  stm32f4xx_spi.o(.text)
    SPI_GetCRC                               0x08002a0d   Thumb Code    16  stm32f4xx_spi.o(.text)
    SPI_GetCRCPolynomial                     0x08002a1d   Thumb Code     6  stm32f4xx_spi.o(.text)
    SPI_I2S_DMACmd                           0x08002a23   Thumb Code    18  stm32f4xx_spi.o(.text)
    SPI_I2S_ITConfig                         0x08002a35   Thumb Code    68  stm32f4xx_spi.o(.text)
    SPI_I2S_GetFlagStatus                    0x08002a79   Thumb Code    18  stm32f4xx_spi.o(.text)
    SPI_I2S_ClearFlag                        0x08002a8b   Thumb Code     6  stm32f4xx_spi.o(.text)
    SPI_I2S_GetITStatus                      0x08002a91   Thumb Code    52  stm32f4xx_spi.o(.text)
    SPI_I2S_ClearITPendingBit                0x08002ac5   Thumb Code    20  stm32f4xx_spi.o(.text)
    SYSCFG_DeInit                            0x08002ad9   Thumb Code    22  stm32f4xx_syscfg.o(.text)
    SYSCFG_MemoryRemapConfig                 0x08002aef   Thumb Code     6  stm32f4xx_syscfg.o(.text)
    SYSCFG_MemorySwappingBank                0x08002af5   Thumb Code     6  stm32f4xx_syscfg.o(.text)
    SYSCFG_EXTILineConfig                    0x08002afb   Thumb Code    66  stm32f4xx_syscfg.o(.text)
    SYSCFG_ETH_MediaInterfaceConfig          0x08002b3d   Thumb Code     8  stm32f4xx_syscfg.o(.text)
    SYSCFG_CompensationCellCmd               0x08002b45   Thumb Code     6  stm32f4xx_syscfg.o(.text)
    SYSCFG_GetCompensationCellStatus         0x08002b4b   Thumb Code    22  stm32f4xx_syscfg.o(.text)
    TIM_DeInit                               0x08002b6d   Thumb Code   346  stm32f4xx_tim.o(.text)
    TIM_TimeBaseInit                         0x08002cc7   Thumb Code   104  stm32f4xx_tim.o(.text)
    TIM_TimeBaseStructInit                   0x08002d2f   Thumb Code    18  stm32f4xx_tim.o(.text)
    TIM_PrescalerConfig                      0x08002d41   Thumb Code     6  stm32f4xx_tim.o(.text)
    TIM_CounterModeConfig                    0x08002d47   Thumb Code    18  stm32f4xx_tim.o(.text)
    TIM_SetCounter                           0x08002d59   Thumb Code     4  stm32f4xx_tim.o(.text)
    TIM_SetAutoreload                        0x08002d5d   Thumb Code     4  stm32f4xx_tim.o(.text)
    TIM_GetCounter                           0x08002d61   Thumb Code     6  stm32f4xx_tim.o(.text)
    TIM_GetPrescaler                         0x08002d67   Thumb Code     6  stm32f4xx_tim.o(.text)
    TIM_UpdateDisableConfig                  0x08002d6d   Thumb Code    24  stm32f4xx_tim.o(.text)
    TIM_UpdateRequestConfig                  0x08002d85   Thumb Code    24  stm32f4xx_tim.o(.text)
    TIM_ARRPreloadConfig                     0x08002d9d   Thumb Code    24  stm32f4xx_tim.o(.text)
    TIM_SelectOnePulseMode                   0x08002db5   Thumb Code    18  stm32f4xx_tim.o(.text)
    TIM_SetClockDivision                     0x08002dc7   Thumb Code    18  stm32f4xx_tim.o(.text)
    TIM_Cmd                                  0x08002dd9   Thumb Code    24  stm32f4xx_tim.o(.text)
    TIM_OC1Init                              0x08002df1   Thumb Code   114  stm32f4xx_tim.o(.text)
    TIM_OC2Init                              0x08002e63   Thumb Code   154  stm32f4xx_tim.o(.text)
    TIM_OC3Init                              0x08002efd   Thumb Code   204  stm32f4xx_tim.o(.text)
    TIM_OC4Init                              0x08002fc9   Thumb Code   112  stm32f4xx_tim.o(.text)
    TIM_OCStructInit                         0x08003039   Thumb Code    20  stm32f4xx_tim.o(.text)
    TIM_SelectOCxM                           0x0800304d   Thumb Code    86  stm32f4xx_tim.o(.text)
    TIM_SetCompare1                          0x080030a3   Thumb Code     4  stm32f4xx_tim.o(.text)
    TIM_SetCompare2                          0x080030a7   Thumb Code     4  stm32f4xx_tim.o(.text)
    TIM_SetCompare3                          0x080030ab   Thumb Code     4  stm32f4xx_tim.o(.text)
    TIM_SetCompare4                          0x080030af   Thumb Code     4  stm32f4xx_tim.o(.text)
    TIM_ForcedOC1Config                      0x080030b3   Thumb Code    18  stm32f4xx_tim.o(.text)
    TIM_ForcedOC2Config                      0x080030c5   Thumb Code    26  stm32f4xx_tim.o(.text)
    TIM_ForcedOC3Config                      0x080030df   Thumb Code    18  stm32f4xx_tim.o(.text)
    TIM_ForcedOC4Config                      0x080030f1   Thumb Code    26  stm32f4xx_tim.o(.text)
    TIM_OC1PreloadConfig                     0x0800310b   Thumb Code    18  stm32f4xx_tim.o(.text)
    TIM_OC2PreloadConfig                     0x0800311d   Thumb Code    26  stm32f4xx_tim.o(.text)
    TIM_OC3PreloadConfig                     0x08003137   Thumb Code    18  stm32f4xx_tim.o(.text)
    TIM_OC4PreloadConfig                     0x08003149   Thumb Code    26  stm32f4xx_tim.o(.text)
    TIM_OC1FastConfig                        0x08003163   Thumb Code    18  stm32f4xx_tim.o(.text)
    TIM_OC2FastConfig                        0x08003175   Thumb Code    26  stm32f4xx_tim.o(.text)
    TIM_OC3FastConfig                        0x0800318f   Thumb Code    18  stm32f4xx_tim.o(.text)
    TIM_OC4FastConfig                        0x080031a1   Thumb Code    26  stm32f4xx_tim.o(.text)
    TIM_ClearOC1Ref                          0x080031bb   Thumb Code    18  stm32f4xx_tim.o(.text)
    TIM_ClearOC2Ref                          0x080031cd   Thumb Code    24  stm32f4xx_tim.o(.text)
    TIM_ClearOC3Ref                          0x080031e5   Thumb Code    18  stm32f4xx_tim.o(.text)
    TIM_ClearOC4Ref                          0x080031f7   Thumb Code    24  stm32f4xx_tim.o(.text)
    TIM_OC1PolarityConfig                    0x0800320f   Thumb Code    18  stm32f4xx_tim.o(.text)
    TIM_OC1NPolarityConfig                   0x08003221   Thumb Code    18  stm32f4xx_tim.o(.text)
    TIM_OC2PolarityConfig                    0x08003233   Thumb Code    26  stm32f4xx_tim.o(.text)
    TIM_OC2NPolarityConfig                   0x0800324d   Thumb Code    26  stm32f4xx_tim.o(.text)
    TIM_OC3PolarityConfig                    0x08003267   Thumb Code    26  stm32f4xx_tim.o(.text)
    TIM_OC3NPolarityConfig                   0x08003281   Thumb Code    26  stm32f4xx_tim.o(.text)
    TIM_OC4PolarityConfig                    0x0800329b   Thumb Code    26  stm32f4xx_tim.o(.text)
    TIM_CCxCmd                               0x080032b5   Thumb Code    30  stm32f4xx_tim.o(.text)
    TIM_CCxNCmd                              0x080032d3   Thumb Code    30  stm32f4xx_tim.o(.text)
    TIM_SetIC4Prescaler                      0x080032f1   Thumb Code    26  stm32f4xx_tim.o(.text)
    TIM_SetIC3Prescaler                      0x0800335b   Thumb Code    18  stm32f4xx_tim.o(.text)
    TIM_SetIC2Prescaler                      0x080033b5   Thumb Code    26  stm32f4xx_tim.o(.text)
    TIM_SetIC1Prescaler                      0x08003429   Thumb Code    18  stm32f4xx_tim.o(.text)
    TIM_ICInit                               0x08003475   Thumb Code   110  stm32f4xx_tim.o(.text)
    TIM_ICStructInit                         0x080034e3   Thumb Code    18  stm32f4xx_tim.o(.text)
    TIM_PWMIConfig                           0x080034f5   Thumb Code   124  stm32f4xx_tim.o(.text)
    TIM_GetCapture1                          0x08003571   Thumb Code     6  stm32f4xx_tim.o(.text)
    TIM_GetCapture2                          0x08003577   Thumb Code     6  stm32f4xx_tim.o(.text)
    TIM_GetCapture3                          0x0800357d   Thumb Code     6  stm32f4xx_tim.o(.text)
    TIM_GetCapture4                          0x08003583   Thumb Code     6  stm32f4xx_tim.o(.text)
    TIM_BDTRConfig                           0x08003589   Thumb Code    32  stm32f4xx_tim.o(.text)
    TIM_BDTRStructInit                       0x080035a9   Thumb Code    18  stm32f4xx_tim.o(.text)
    TIM_CtrlPWMOutputs                       0x080035bb   Thumb Code    30  stm32f4xx_tim.o(.text)
    TIM_SelectCOM                            0x080035d9   Thumb Code    24  stm32f4xx_tim.o(.text)
    TIM_CCPreloadControl                     0x080035f1   Thumb Code    24  stm32f4xx_tim.o(.text)
    TIM_ITConfig                             0x08003609   Thumb Code    18  stm32f4xx_tim.o(.text)
    TIM_GenerateEvent                        0x0800361b   Thumb Code     4  stm32f4xx_tim.o(.text)
    TIM_GetFlagStatus                        0x0800361f   Thumb Code    18  stm32f4xx_tim.o(.text)
    TIM_ClearFlag                            0x08003631   Thumb Code     6  stm32f4xx_tim.o(.text)
    TIM_GetITStatus                          0x08003637   Thumb Code    34  stm32f4xx_tim.o(.text)
    TIM_ClearITPendingBit                    0x08003659   Thumb Code     6  stm32f4xx_tim.o(.text)
    TIM_DMAConfig                            0x0800365f   Thumb Code    10  stm32f4xx_tim.o(.text)
    TIM_DMACmd                               0x08003669   Thumb Code    18  stm32f4xx_tim.o(.text)
    TIM_SelectCCDMA                          0x0800367b   Thumb Code    24  stm32f4xx_tim.o(.text)
    TIM_InternalClockConfig                  0x08003693   Thumb Code    12  stm32f4xx_tim.o(.text)
    TIM_SelectInputTrigger                   0x0800369f   Thumb Code    18  stm32f4xx_tim.o(.text)
    TIM_ITRxExternalClockConfig              0x080036b1   Thumb Code    24  stm32f4xx_tim.o(.text)
    TIM_TIxExternalClockConfig               0x080036c9   Thumb Code    62  stm32f4xx_tim.o(.text)
    TIM_ETRConfig                            0x08003707   Thumb Code    28  stm32f4xx_tim.o(.text)
    TIM_ETRClockMode1Config                  0x08003723   Thumb Code    54  stm32f4xx_tim.o(.text)
    TIM_ETRClockMode2Config                  0x08003759   Thumb Code    32  stm32f4xx_tim.o(.text)
    TIM_SelectOutputTrigger                  0x08003779   Thumb Code    18  stm32f4xx_tim.o(.text)
    TIM_SelectSlaveMode                      0x0800378b   Thumb Code    18  stm32f4xx_tim.o(.text)
    TIM_SelectMasterSlaveMode                0x0800379d   Thumb Code    18  stm32f4xx_tim.o(.text)
    TIM_EncoderInterfaceConfig               0x080037af   Thumb Code    66  stm32f4xx_tim.o(.text)
    TIM_SelectHallSensor                     0x080037f1   Thumb Code    24  stm32f4xx_tim.o(.text)
    TIM_RemapConfig                          0x08003809   Thumb Code     6  stm32f4xx_tim.o(.text)
    USART_DeInit                             0x08003811   Thumb Code   206  stm32f4xx_usart.o(.text)
    USART_Init                               0x080038df   Thumb Code   204  stm32f4xx_usart.o(.text)
    USART_StructInit                         0x080039ab   Thumb Code    24  stm32f4xx_usart.o(.text)
    USART_ClockInit                          0x080039c3   Thumb Code    32  stm32f4xx_usart.o(.text)
    USART_ClockStructInit                    0x080039e3   Thumb Code    12  stm32f4xx_usart.o(.text)
    USART_Cmd                                0x080039ef   Thumb Code    24  stm32f4xx_usart.o(.text)
    USART_SetPrescaler                       0x08003a07   Thumb Code    16  stm32f4xx_usart.o(.text)
    USART_OverSampling8Cmd                   0x08003a17   Thumb Code    22  stm32f4xx_usart.o(.text)
    USART_OneBitMethodCmd                    0x08003a2d   Thumb Code    24  stm32f4xx_usart.o(.text)
    USART_SendData                           0x08003a45   Thumb Code     8  stm32f4xx_usart.o(.text)
    USART_ReceiveData                        0x08003a4d   Thumb Code    10  stm32f4xx_usart.o(.text)
    USART_SetAddress                         0x08003a57   Thumb Code    18  stm32f4xx_usart.o(.text)
    USART_ReceiverWakeUpCmd                  0x08003a69   Thumb Code    24  stm32f4xx_usart.o(.text)
    USART_WakeUpConfig                       0x08003a81   Thumb Code    18  stm32f4xx_usart.o(.text)
    USART_LINBreakDetectLengthConfig         0x08003a93   Thumb Code    18  stm32f4xx_usart.o(.text)
    USART_LINCmd                             0x08003aa5   Thumb Code    24  stm32f4xx_usart.o(.text)
    USART_SendBreak                          0x08003abd   Thumb Code    10  stm32f4xx_usart.o(.text)
    USART_HalfDuplexCmd                      0x08003ac7   Thumb Code    24  stm32f4xx_usart.o(.text)
    USART_SetGuardTime                       0x08003adf   Thumb Code    16  stm32f4xx_usart.o(.text)
    USART_SmartCardCmd                       0x08003aef   Thumb Code    24  stm32f4xx_usart.o(.text)
    USART_SmartCardNACKCmd                   0x08003b07   Thumb Code    24  stm32f4xx_usart.o(.text)
    USART_IrDAConfig                         0x08003b1f   Thumb Code    18  stm32f4xx_usart.o(.text)
    USART_IrDACmd                            0x08003b31   Thumb Code    24  stm32f4xx_usart.o(.text)
    USART_DMACmd                             0x08003b49   Thumb Code    18  stm32f4xx_usart.o(.text)
    USART_ITConfig                           0x08003b5b   Thumb Code    74  stm32f4xx_usart.o(.text)
    USART_GetFlagStatus                      0x08003ba5   Thumb Code    26  stm32f4xx_usart.o(.text)
    USART_ClearFlag                          0x08003bbf   Thumb Code    18  stm32f4xx_usart.o(.text)
    USART_GetITStatus                        0x08003bd1   Thumb Code   118  stm32f4xx_usart.o(.text)
    USART_ClearITPendingBit                  0x08003c47   Thumb Code    30  stm32f4xx_usart.o(.text)
    delay_init                               0x08003c65   Thumb Code    52  delay.o(.text)
    delay_us                                 0x08003c99   Thumb Code    72  delay.o(.text)
    delay_xms                                0x08003ce1   Thumb Code    72  delay.o(.text)
    delay_ms                                 0x08003d29   Thumb Code    56  delay.o(.text)
    _sys_exit                                0x08003d69   Thumb Code     4  usart.o(.text)
    fputc                                    0x08003d6d   Thumb Code    22  usart.o(.text)
    uart_init                                0x08003d83   Thumb Code   164  usart.o(.text)
    USART1_IRQHandler                        0x08003e27   Thumb Code   122  usart.o(.text)
    AHRS_get_height                          0x08003eb1   Thumb Code    12  ahrs_middleware.o(.text)
    AHRS_get_latitude                        0x08003ebd   Thumb Code     2  ahrs_middleware.o(.text)
    AHRS_invSqrt                             0x08003ebf   Thumb Code    56  ahrs_middleware.o(.text)
    AHRS_sinf                                0x08003ef7   Thumb Code    24  ahrs_middleware.o(.text)
    AHRS_cosf                                0x08003f0f   Thumb Code    24  ahrs_middleware.o(.text)
    AHRS_tanf                                0x08003f27   Thumb Code    24  ahrs_middleware.o(.text)
    AHRS_asinf                               0x08003f3f   Thumb Code    24  ahrs_middleware.o(.text)
    AHRS_acosf                               0x08003f57   Thumb Code    24  ahrs_middleware.o(.text)
    AHRS_atan2f                              0x08003f6f   Thumb Code    32  ahrs_middleware.o(.text)
    _ttywrch                                 0x08003f8f   Thumb Code     2  ahrs_middleware.o(.text)
    mpu6500_init                             0x08003f99   Thumb Code   192  mpu6500driver.o(.text)
    mpu6500_read_over                        0x08004059   Thumb Code   304  mpu6500driver.o(.text)
    gyro_offset                              0x08004189   Thumb Code    98  mpu6500driver.o(.text)
    mpu6500_read_gyro                        0x080041eb   Thumb Code   136  mpu6500driver.o(.text)
    mpu6500_read_accel                       0x08004273   Thumb Code   136  mpu6500driver.o(.text)
    mpu6500_read_temp                        0x080042fb   Thumb Code    72  mpu6500driver.o(.text)
    mpu6500_GPIO_init                        0x0800435d   Thumb Code    48  mpu6500driver_middleware.o(.text)
    mpu6500_com_init                         0x0800438d   Thumb Code     8  mpu6500driver_middleware.o(.text)
    mpu6500_middleware_delay_ms              0x08004395   Thumb Code    12  mpu6500driver_middleware.o(.text)
    mpu6500_middleware_delay_us              0x080043a1   Thumb Code    12  mpu6500driver_middleware.o(.text)
    mpu6500_SPI_NS_H                         0x080043ad   Thumb Code    12  mpu6500driver_middleware.o(.text)
    mpu6500_SPI_NS_L                         0x080043b9   Thumb Code    12  mpu6500driver_middleware.o(.text)
    mpu6500_write_single_reg                 0x08004413   Thumb Code    28  mpu6500driver_middleware.o(.text)
    mpu6500_read_single_reg                  0x0800442f   Thumb Code    32  mpu6500driver_middleware.o(.text)
    mpu6500_write_muli_reg                   0x0800444f   Thumb Code    52  mpu6500driver_middleware.o(.text)
    mpu6500_read_muli_reg                    0x08004483   Thumb Code    56  mpu6500driver_middleware.o(.text)
    temperature_ADC_Reset                    0x080044c5   Thumb Code    38  adc.o(.text)
    temperature_ADC_init                     0x080044eb   Thumb Code    80  adc.o(.text)
    get_ADC                                  0x0800453b   Thumb Code    52  adc.o(.text)
    get_temprate                             0x0800456f   Thumb Code    80  adc.o(.text)
    get_set_temp                             0x080045bf   Thumb Code   148  adc.o(.text)
    INSTask                                  0x0800481b   Thumb Code   524  ins_task.o(.text)
    INS_cali_gyro                            0x08004a27   Thumb Code   242  ins_task.o(.text)
    INS_set_cali_gyro                        0x08004b19   Thumb Code    40  ins_task.o(.text)
    get_INS_angle_point                      0x08004b41   Thumb Code     4  ins_task.o(.text)
    get_MPU6500_Gyro_Data_Point              0x08004b45   Thumb Code     4  ins_task.o(.text)
    get_MPU6500_Accel_Data_Point             0x08004b49   Thumb Code     4  ins_task.o(.text)
    cali_gyro_hook                           0x08004b4d   Thumb Code    84  ins_task.o(.text)
    main                                     0x08004bc5   Thumb Code    30  main.o(.text)
    NMI_Handler                              0x08004be3   Thumb Code     2  stm32f4xx_it.o(.text)
    HardFault_Handler                        0x08004be5   Thumb Code     4  stm32f4xx_it.o(.text)
    MemManage_Handler                        0x08004be9   Thumb Code     4  stm32f4xx_it.o(.text)
    BusFault_Handler                         0x08004bed   Thumb Code     4  stm32f4xx_it.o(.text)
    UsageFault_Handler                       0x08004bf1   Thumb Code     4  stm32f4xx_it.o(.text)
    DebugMon_Handler                         0x08004bf5   Thumb Code     2  stm32f4xx_it.o(.text)
    SystemInit                               0x08004d09   Thumb Code    88  system_stm32f4xx.o(.text)
    SystemCoreClockUpdate                    0x08004d61   Thumb Code   174  system_stm32f4xx.o(.text)
    BSP_Init                                 0x08004e3d   Thumb Code   178  bsp.o(.text)
    TIM6_Configure                           0x08004ef9   Thumb Code    72  timer.o(.text)
    TIM6_Start                               0x08004f41   Thumb Code    30  timer.o(.text)
    TIM6_Stop                                0x08004f5f   Thumb Code    22  timer.o(.text)
    TIM6_DAC_IRQHandler                      0x08004f75   Thumb Code    38  timer.o(.text)
    CAN1_mode_init                           0x08004fa1   Thumb Code   294  can1.o(.text)
    CAN1_STOP                                0x080050c7   Thumb Code    24  can1.o(.text)
    CAN1_START                               0x080050df   Thumb Code    24  can1.o(.text)
    CAN1_RX0_IRQHandler                      0x080050f7   Thumb Code    50  can1.o(.text)
    CAN1_TX_IRQHandler                       0x08005129   Thumb Code    22  can1.o(.text)
    CAN2_mode_init                           0x0800514d   Thumb Code   268  can2.o(.text)
    CAN2_STOP                                0x08005259   Thumb Code    24  can2.o(.text)
    CAN2_START                               0x08005271   Thumb Code    24  can2.o(.text)
    CAN2_RX0_IRQHandler                      0x08005289   Thumb Code    42  can2.o(.text)
    pid_incr_init                            0x080052bd   Thumb Code    82  rm_pid.o(.text)
    pid_incr_calc                            0x0800530f   Thumb Code   246  rm_pid.o(.text)
    ALL_Pid_Incr_Configuration               0x08005405   Thumb Code    82  rm_pid.o(.text)
    All_Pid_Configuration                    0x080054e9   Thumb Code   616  rm_pid.o(.text)
    Calculate_Current_Value                  0x08005751   Thumb Code   452  rm_pid.o(.text)
    Calculate_Current_Value_For_Err          0x08005915   Thumb Code   428  rm_pid.o(.text)
    get_Data                                 0x08005acd   Thumb Code    66  encoder.o(.text)
    getEncoderData                           0x08005b0f   Thumb Code   336  encoder.o(.text)
    CanReceiveMsgProcess                     0x08005c5f   Thumb Code   142  encoder.o(.text)
    Remote_uart1_init                        0x08005d1d   Thumb Code   266  remote.o(.text)
    DMA2_Stream2_IRQHandler                  0x08005e27   Thumb Code   660  remote.o(.text)
    remote_off_line                          0x080060bb   Thumb Code   228  remote.o(.text)
    Get_CRC8_Check_Sum                       0x080061ad   Thumb Code    30  crc.o(.text)
    Verify_CRC8_Check_Sum                    0x080061cb   Thumb Code    46  crc.o(.text)
    Append_CRC8_Check_Sum                    0x080061f9   Thumb Code    36  crc.o(.text)
    Get_CRC16_Check_Sum                      0x0800621d   Thumb Code    46  crc.o(.text)
    Verify_CRC16_Check_Sum                   0x0800624b   Thumb Code    60  crc.o(.text)
    Append_CRC16_Check_Sum                   0x08006287   Thumb Code    44  crc.o(.text)
    miniPC_uart6_init                        0x080062c1   Thumb Code   342  serial.o(.text)
    getVisionData                            0x08006417   Thumb Code   182  serial.o(.text)
    DMA2_Stream1_IRQHandler                  0x080064cd   Thumb Code    64  serial.o(.text)
    miniPC_uart6_tx                          0x0800650d   Thumb Code    40  serial.o(.text)
    usart_IIRLowPass                         0x08006535   Thumb Code   366  serial.o(.text)
    STMFLASH_ReadWord                        0x080066f1   Thumb Code     6  stmflash.o(.text)
    STMFLASH_GetFlashSector                  0x080066f7   Thumb Code   116  stmflash.o(.text)
    STMFLASH_Write                           0x0800676b   Thumb Code   146  stmflash.o(.text)
    STMFLASH_Read                            0x080067fd   Thumb Code    32  stmflash.o(.text)
    Read_Offset                              0x0800681d   Thumb Code    36  stmflash.o(.text)
    flash_write                              0x08006841   Thumb Code    16  stmflash.o(.text)
    SPI5Init                                 0x08006885   Thumb Code   182  spi.o(.text)
    SPI5SetSpeedAndDataSize                  0x0800693b   Thumb Code    42  spi.o(.text)
    SPI5_DMA_Init                            0x08006965   Thumb Code   244  spi.o(.text)
    SPI5_DMA_Enable                          0x08006a59   Thumb Code   104  spi.o(.text)
    SPI5_DMA_DISABLE                         0x08006ac1   Thumb Code    48  spi.o(.text)
    TIM1_FireMotor_Configure                 0x08006b05   Thumb Code   266  pwm.o(.text)
    head_close                               0x08006c0f   Thumb Code    10  pwm.o(.text)
    TIM5_Pwm_Configure                       0x08006c19   Thumb Code   200  pwm.o(.text)
    TIM3_Init                                0x08006ce1   Thumb Code   202  pwm.o(.text)
    heat_output                              0x08006dab   Thumb Code     8  pwm.o(.text)
    head_open                                0x08006db3   Thumb Code    10  pwm.o(.text)
    head_control                             0x08006dbd   Thumb Code    82  pwm.o(.text)
    laser_on                                 0x08006e35   Thumb Code    14  laser.o(.text)
    laser_off                                0x08006e43   Thumb Code    14  laser.o(.text)
    laser_configuration                      0x08006e51   Thumb Code    54  laser.o(.text)
    buzzer_off                               0x08006e8d   Thumb Code    12  buzzer.o(.text)
    buzzer_init                              0x08006e99   Thumb Code   174  buzzer.o(.text)
    buzzer_on                                0x08006f47   Thumb Code    22  buzzer.o(.text)
    power_ctrl_off                           0x08006f65   Thumb Code    26  power_24v.o(.text)
    power_ctrl_configuration                 0x08006f7f   Thumb Code    66  power_24v.o(.text)
    power_ctrl_on                            0x08006fc1   Thumb Code    26  power_24v.o(.text)
    power_ctrl_toggle                        0x08006fdb   Thumb Code    26  power_24v.o(.text)
    SHOOT_PLAN_Init                          0x08006ff9   Thumb Code    42  shoot_plan.o(.text)
    fifo_s_init                              0x08007029   Thumb Code    24  data_fifo.o(.text)
    fifo_s_create                            0x08007041   Thumb Code    50  data_fifo.o(.text)
    fifo_s_destory                           0x08007073   Thumb Code    40  data_fifo.o(.text)
    fifo_s_put                               0x0800709b   Thumb Code    66  data_fifo.o(.text)
    fifo_s_puts                              0x080070dd   Thumb Code    84  data_fifo.o(.text)
    fifo_s_get                               0x08007131   Thumb Code    54  data_fifo.o(.text)
    fifo_s_gets                              0x08007167   Thumb Code    78  data_fifo.o(.text)
    fifo_s_pre_read                          0x080071b5   Thumb Code    44  data_fifo.o(.text)
    fifo_is_empty                            0x080071e1   Thumb Code    24  data_fifo.o(.text)
    fifo_is_full                             0x080071f9   Thumb Code    24  data_fifo.o(.text)
    fifo_used_count                          0x08007211   Thumb Code    16  data_fifo.o(.text)
    fifo_free_count                          0x08007221   Thumb Code    16  data_fifo.o(.text)
    fifo_flush                               0x08007231   Thumb Code    26  data_fifo.o(.text)
    judgement_data_handler                   0x0800724d   Thumb Code   308  judgement_info.o(.text)
    shooter_heat_control                     0x08007381   Thumb Code    62  judgement_info.o(.text)
    chassis_heat_control                     0x080073bf   Thumb Code    34  judgement_info.o(.text)
    JudgeSystem_uart7_init                   0x080073f5   Thumb Code   298  judgesystem.o(.text)
    UART7_IRQHandler                         0x0800751f   Thumb Code   136  judgesystem.o(.text)
    judge_t                                  0x080075a7   Thumb Code   112  judgesystem.o(.text)
    flow_led_off                             0x0800764d   Thumb Code    20  led.o(.text)
    led_red_off                              0x08007661   Thumb Code    14  led.o(.text)
    led_green_off                            0x0800766f   Thumb Code    14  led.o(.text)
    led_configuration                        0x0800767d   Thumb Code   150  led.o(.text)
    led_green_on                             0x08007713   Thumb Code    14  led.o(.text)
    led_green_toggle                         0x08007721   Thumb Code    14  led.o(.text)
    led_red_on                               0x0800772f   Thumb Code    14  led.o(.text)
    led_red_toggle                           0x0800773d   Thumb Code    14  led.o(.text)
    flow_led_on                              0x0800774b   Thumb Code    20  led.o(.text)
    flow_led_toggle                          0x0800775f   Thumb Code    20  led.o(.text)
    led_io_cinfiguration                     0x08007773   Thumb Code   152  led.o(.text)
    Set_Flag_Current                         0x0800781d   Thumb Code   106  com_with_power_control.o(.text)
    wait_to_charge                           0x08007887   Thumb Code   116  com_with_power_control.o(.text)
    power_info_tx                            0x080078fb   Thumb Code   578  com_with_power_control.o(.text)
    angle_init                               0x08007b9d   Thumb Code   132  cloudmotor.o(.text)
    angle_set_update                         0x08007c21   Thumb Code  1034  cloudmotor.o(.text)
    Set_CloudMotor_Current                   0x0800802b   Thumb Code    84  cloudmotor.o(.text)
    angle_out_update                         0x0800807f   Thumb Code   204  cloudmotor.o(.text)
    first_order_filter_init                  0x08008165   Thumb Code    32  chassismotor.o(.text)
    chassis_init                             0x08008185   Thumb Code    30  chassismotor.o(.text)
    first_order_filter_cali                  0x080081a3   Thumb Code    84  chassismotor.o(.text)
    remote_fifo                              0x080081f7   Thumb Code   386  chassismotor.o(.text)
    Chassis_fllow                            0x08008379   Thumb Code   354  chassismotor.o(.text)
    mecanum_Resolving                        0x080084db   Thumb Code   480  chassismotor.o(.text)
    chassis_set_update                       0x080086bb   Thumb Code   568  chassismotor.o(.text)
    Set_ChassisMotor_Current                 0x080088f3   Thumb Code    94  chassismotor.o(.text)
    chassis_out_update                       0x08008951   Thumb Code   324  chassismotor.o(.text)
    Set_FeedMotor_Current                    0x08008aa5   Thumb Code    80  feedmotor.o(.text)
    fireMotorPidReal_update                  0x08008af5   Thumb Code    20  feedmotor.o(.text)
    fireMotorSingleLoopPid_out_update        0x08008b09   Thumb Code    58  feedmotor.o(.text)
    Shoot                                    0x08008b43   Thumb Code   118  feedmotor.o(.text)
    ramp_init                                0x08008bd9   Thumb Code    80  firemotor.o(.text)
    ramp_calc                                0x08008c29   Thumb Code   358  firemotor.o(.text)
    fireMotor_stop                           0x08008d8f   Thumb Code    52  firemotor.o(.text)
    fireMotor_fire                           0x08008dc3   Thumb Code    52  firemotor.o(.text)
    fireMotor                                0x08008df7   Thumb Code   108  firemotor.o(.text)
    miniPC_Init                              0x08008e89   Thumb Code    36  minipc.o(.text)
    miniPC_rx                                0x08008ead   Thumb Code    38  minipc.o(.text)
    IMU_INT_Configure                        0x08008eed   Thumb Code   128  imu.o(.text)
    IMU_Configure                            0x08008f6d   Thumb Code    46  imu.o(.text)
    IMU_EXIT_STOP                            0x08008f9b   Thumb Code    30  imu.o(.text)
    IMU_EXIT_START                           0x08008fb9   Thumb Code    32  imu.o(.text)
    EXTI9_5_IRQHandler                       0x08008fd9   Thumb Code    32  imu.o(.text)
    DMA2_Stream5_IRQHandler                  0x08008ff9   Thumb Code   268  imu.o(.text)
    IMU_control_decide                       0x08009105   Thumb Code    72  imu.o(.text)
    unpack_fifo_data                         0x08009191   Thumb Code   344  communicate.o(.text)
    client_show_data_send                    0x0800934b   Thumb Code   144  communicate.o(.text)
    control_task                             0x080093e9   Thumb Code   206  control_task.o(.text)
    arm_cos_f32                              0x080094e5   Thumb Code   108  arm_cos_f32.o(.text)
    arm_sin_f32                              0x0800955d   Thumb Code   104  arm_sin_f32.o(.text)
    __use_no_semihosting                     0x080095d1   Thumb Code     2  use_no_semi_2.o(.text)
    malloc                                   0x080095d3   Thumb Code    94  h1_alloc.o(.text)
    free                                     0x08009631   Thumb Code    78  h1_free.o(.text)
    __aeabi_uldivmod                         0x0800967f   Thumb Code     0  lludivv7m.o(.text)
    _ll_udiv                                 0x0800967f   Thumb Code   238  lludivv7m.o(.text)
    __aeabi_memcpy                           0x0800976d   Thumb Code     0  rt_memcpy_v6.o(.text)
    __rt_memcpy                              0x0800976d   Thumb Code   138  rt_memcpy_v6.o(.text)
    _memcpy_lastbytes                        0x080097d3   Thumb Code     0  rt_memcpy_v6.o(.text)
    __aeabi_memclr                           0x080097f7   Thumb Code     0  rt_memclr.o(.text)
    __rt_memclr                              0x080097f7   Thumb Code    68  rt_memclr.o(.text)
    _memset                                  0x080097fb   Thumb Code     0  rt_memclr.o(.text)
    __aeabi_memclr4                          0x0800983b   Thumb Code     0  rt_memclr_w.o(.text)
    __aeabi_memclr8                          0x0800983b   Thumb Code     0  rt_memclr_w.o(.text)
    __rt_memclr_w                            0x0800983b   Thumb Code    78  rt_memclr_w.o(.text)
    _memset_w                                0x0800983f   Thumb Code     0  rt_memclr_w.o(.text)
    __use_two_region_memory                  0x08009889   Thumb Code     2  heapauxi.o(.text)
    __rt_heap_escrow                         0x0800988b   Thumb Code     2  heapauxi.o(.text)
    __rt_heap_expand                         0x0800988d   Thumb Code     2  heapauxi.o(.text)
    __I$use$semihosting                      0x0800988f   Thumb Code     0  use_no_semi.o(.text)
    __use_no_semihosting_swi                 0x0800988f   Thumb Code     2  use_no_semi.o(.text)
    __rt_heap_descriptor                     0x08009891   Thumb Code     8  rt_heap_descriptor_intlibspace.o(.text)
    __use_no_heap                            0x08009899   Thumb Code     2  hguard.o(.text)
    __heap$guard                             0x0800989b   Thumb Code     2  hguard.o(.text)
    _terminate_user_alloc                    0x0800989d   Thumb Code     2  init_alloc.o(.text)
    _init_user_alloc                         0x0800989f   Thumb Code     2  init_alloc.o(.text)
    __Heap_Full                              0x080098a1   Thumb Code    34  init_alloc.o(.text)
    __Heap_Broken                            0x080098c3   Thumb Code     6  init_alloc.o(.text)
    _init_alloc                              0x080098c9   Thumb Code    94  init_alloc.o(.text)
    __Heap_Initialize                        0x08009927   Thumb Code    10  h1_init.o(.text)
    __Heap_DescSize                          0x08009931   Thumb Code     4  h1_init.o(.text)
    __read_errno                             0x08009935   Thumb Code    10  _rserrno.o(.text)
    __set_errno                              0x0800993f   Thumb Code    12  _rserrno.o(.text)
    __aeabi_memcpy4                          0x0800994b   Thumb Code     0  rt_memcpy_w.o(.text)
    __aeabi_memcpy8                          0x0800994b   Thumb Code     0  rt_memcpy_w.o(.text)
    __rt_memcpy_w                            0x0800994b   Thumb Code   100  rt_memcpy_w.o(.text)
    _memcpy_lastbytes_aligned                0x08009993   Thumb Code     0  rt_memcpy_w.o(.text)
    __user_libspace                          0x080099b1   Thumb Code     8  libspace.o(.text)
    __user_perproc_libspace                  0x080099b1   Thumb Code     0  libspace.o(.text)
    __user_perthread_libspace                0x080099b1   Thumb Code     0  libspace.o(.text)
    __aeabi_errno_addr                       0x080099b9   Thumb Code     8  rt_errno_addr_intlibspace.o(.text)
    __errno$intlibspace                      0x080099b9   Thumb Code     0  rt_errno_addr_intlibspace.o(.text)
    __rt_errno_addr$intlibspace              0x080099b9   Thumb Code     0  rt_errno_addr_intlibspace.o(.text)
    __Heap_ProvideMemory                     0x080099c1   Thumb Code    52  h1_extend.o(.text)
    _fp_trap                                 0x080099f5   Thumb Code    44  _fptrap.o(.text)
    __rt_SIGRTMEM                            0x08009a25   Thumb Code    14  defsig_rtmem_outer.o(.text)
    __user_setup_stackheap                   0x08009a33   Thumb Code    74  sys_stackheap_outer.o(.text)
    exit                                     0x08009a7d   Thumb Code    18  exit.o(.text)
    __sig_exit                               0x08009a8f   Thumb Code    10  defsig_exit.o(.text)
    __rt_SIGFPE                              0x08009a99   Thumb Code    14  defsig_fpe_outer.o(.text)
    __rt_SIGRTMEM_inner                      0x08009aa9   Thumb Code    22  defsig_rtmem_inner.o(.text)
    __default_signal_display                 0x08009af9   Thumb Code    50  defsig_general.o(.text)
    __rt_SIGFPE_inner                        0x08009b2d   Thumb Code    62  defsig_fpe_inner.o(.text)
    AHRS_init                                0x08009bf5   Thumb Code   626  ahrs.o(i.AHRS_init)
    AHRS_update                              0x08009e91   Thumb Code   314  ahrs.o(i.AHRS_update)
    __ARM_fpclassify                         0x08009fcb   Thumb Code    48  fpclassify.o(i.__ARM_fpclassify)
    __ARM_fpclassifyf                        0x08009ffb   Thumb Code    38  fpclassifyf.o(i.__ARM_fpclassifyf)
    __hardfp_acosf                           0x0800a021   Thumb Code   234  acosf.o(i.__hardfp_acosf)
    __hardfp_asinf                           0x0800a139   Thumb Code   258  asinf.o(i.__hardfp_asinf)
    __hardfp_atan2f                          0x0800a265   Thumb Code   502  atan2f.o(i.__hardfp_atan2f)
    __hardfp_cos                             0x0800a4b9   Thumb Code   180  cos.o(i.__hardfp_cos)
    __hardfp_fabs                            0x0800a581   Thumb Code    20  fabs.o(i.__hardfp_fabs)
    __hardfp_sin                             0x0800a599   Thumb Code   180  sin.o(i.__hardfp_sin)
    __hardfp_tanf                            0x0800a661   Thumb Code   322  tanf.o(i.__hardfp_tanf)
    __ieee754_rem_pio2                       0x0800a7e1   Thumb Code   938  rred.o(i.__ieee754_rem_pio2)
    __kernel_cos                             0x0800ac19   Thumb Code   322  cos_i.o(i.__kernel_cos)
    __kernel_poly                            0x0800ad89   Thumb Code   248  poly.o(i.__kernel_poly)
    __kernel_sin                             0x0800ae81   Thumb Code   280  sin_i.o(i.__kernel_sin)
    __mathlib_dbl_infnan                     0x0800afb1   Thumb Code    20  dunder.o(i.__mathlib_dbl_infnan)
    __mathlib_dbl_invalid                    0x0800afc9   Thumb Code    24  dunder.o(i.__mathlib_dbl_invalid)
    __mathlib_dbl_underflow                  0x0800afe9   Thumb Code    24  dunder.o(i.__mathlib_dbl_underflow)
    __mathlib_flt_infnan                     0x0800b009   Thumb Code     6  funder.o(i.__mathlib_flt_infnan)
    __mathlib_flt_infnan2                    0x0800b00f   Thumb Code     6  funder.o(i.__mathlib_flt_infnan2)
    __mathlib_flt_invalid                    0x0800b015   Thumb Code    10  funder.o(i.__mathlib_flt_invalid)
    __mathlib_flt_underflow                  0x0800b025   Thumb Code    10  funder.o(i.__mathlib_flt_underflow)
    __mathlib_rredf2                         0x0800b035   Thumb Code   316  rredf.o(i.__mathlib_rredf2)
    fabs                                     0x0800b651   Thumb Code    24  fabs.o(i.fabs)
    get_angle                                0x0800b669   Thumb Code   232  ahrs.o(i.get_angle)
    sqrtf                                    0x0800b7d5   Thumb Code    62  sqrtf_full.o(i.sqrtf)
    __aeabi_dneg                             0x0800b88d   Thumb Code     0  basic.o(x$fpl$basic)
    _dneg                                    0x0800b88d   Thumb Code     6  basic.o(x$fpl$basic)
    __aeabi_fneg                             0x0800b893   Thumb Code     0  basic.o(x$fpl$basic)
    _fneg                                    0x0800b893   Thumb Code     6  basic.o(x$fpl$basic)
    _dabs                                    0x0800b899   Thumb Code     6  basic.o(x$fpl$basic)
    _fabs                                    0x0800b89f   Thumb Code     6  basic.o(x$fpl$basic)
    __aeabi_d2f                              0x0800b8a5   Thumb Code     0  d2f_clz.o(x$fpl$d2f)
    _d2f                                     0x0800b8a5   Thumb Code   700  d2f_clz.o(x$fpl$d2f)
    __aeabi_dadd                             0x0800bb69   Thumb Code     0  daddsub_clz.o(x$fpl$dadd)
    _dadd                                    0x0800bb69   Thumb Code   580  daddsub_clz.o(x$fpl$dadd)
    __fpl_dcmp_Inf                           0x0800bdb5   Thumb Code    24  dcmpi.o(x$fpl$dcmpinf)
    __aeabi_ddiv                             0x0800bdcd   Thumb Code     0  ddiv_clz.o(x$fpl$ddiv)
    _ddiv                                    0x0800bdcd   Thumb Code   748  ddiv_clz.o(x$fpl$ddiv)
    __aeabi_d2iz                             0x0800c149   Thumb Code     0  dfix.o(x$fpl$dfix)
    _dfix                                    0x0800c149   Thumb Code   192  dfix.o(x$fpl$dfix)
    __aeabi_i2d                              0x0800c211   Thumb Code     0  dflt_clz.o(x$fpl$dflt)
    _dflt                                    0x0800c211   Thumb Code    46  dflt_clz.o(x$fpl$dflt)
    __dflt_normalise                         0x0800c23f   Thumb Code    26  dflt_clz.o(x$fpl$dfltn)
    __aeabi_ui2d                             0x0800c259   Thumb Code     0  dflt_clz.o(x$fpl$dfltu)
    _dfltu                                   0x0800c259   Thumb Code    38  dflt_clz.o(x$fpl$dfltu)
    __aeabi_cdcmple                          0x0800c281   Thumb Code     0  dleqf.o(x$fpl$dleqf)
    _dcmple                                  0x0800c281   Thumb Code   120  dleqf.o(x$fpl$dleqf)
    __fpl_dcmple_InfNaN                      0x0800c2d9   Thumb Code     0  dleqf.o(x$fpl$dleqf)
    __aeabi_dmul                             0x0800c2f9   Thumb Code     0  dmul_clz.o(x$fpl$dmul)
    _dmul                                    0x0800c2f9   Thumb Code   440  dmul_clz.o(x$fpl$dmul)
    __fpl_dnaninf                            0x0800c4b9   Thumb Code   258  dnaninf.o(x$fpl$dnaninf)
    __fpl_drenorm2                           0x0800c5bb   Thumb Code   106  drenorm_clz.o(x$fpl$drenorm)
    __fpl_drenorm1                           0x0800c625   Thumb Code     6  drenorm_clz.o(x$fpl$drenorm)
    __fpl_dretinf                            0x0800c62b   Thumb Code    12  dretinf.o(x$fpl$dretinf)
    __aeabi_cdrcmple                         0x0800c637   Thumb Code     0  drleqf.o(x$fpl$drleqf)
    _drcmple                                 0x0800c637   Thumb Code    98  drleqf.o(x$fpl$drleqf)
    __aeabi_drsub                            0x0800c699   Thumb Code     0  daddsub_clz.o(x$fpl$drsb)
    _drsb                                    0x0800c699   Thumb Code    74  daddsub_clz.o(x$fpl$drsb)
    __aeabi_dsub                             0x0800c6e9   Thumb Code     0  daddsub_clz.o(x$fpl$dsub)
    _dsub                                    0x0800c6e9   Thumb Code   664  daddsub_clz.o(x$fpl$dsub)
    __dunder                                 0x0800c985   Thumb Code   314  dunder_clz.o(x$fpl$dunder)
    __dunder_d                               0x0800cabf   Thumb Code    64  dunder_clz.o(x$fpl$dunder)
    __fpl_exception                          0x0800cb01   Thumb Code   454  except.o(x$fpl$exception)
    __aeabi_f2d                              0x0800cced   Thumb Code     0  f2d.o(x$fpl$f2d)
    _f2d                                     0x0800cced   Thumb Code   122  f2d.o(x$fpl$f2d)
    __fpl_fnaninf                            0x0800cd67   Thumb Code   242  fnaninf.o(x$fpl$fnaninf)
    _fp_init                                 0x0800ce59   Thumb Code    10  fpinit.o(x$fpl$fpinit)
    __fplib_config_fpu_vfp                   0x0800ce61   Thumb Code     0  fpinit.o(x$fpl$fpinit)
    __fplib_config_pureend_doubles           0x0800ce61   Thumb Code     0  fpinit.o(x$fpl$fpinit)
    __fpl_fretinf                            0x0800ce63   Thumb Code    10  fretinf.o(x$fpl$fretinf)
    __funder                                 0x0800ce6d   Thumb Code   254  funder_clz.o(x$fpl$funder)
    __funder_d                               0x0800cf6b   Thumb Code    62  funder_clz.o(x$fpl$funder)
    __fpl_return_NaN                         0x0800cfa9   Thumb Code   178  retnan.o(x$fpl$retnan)
    _fp_trapveneer                           0x0800d05b   Thumb Code    36  trapv.o(x$fpl$trapveneer)
    __fpl_cmpreturn                          0x0800d07f   Thumb Code    90  trapv.o(x$fpl$trapveneer)
    __I$use$fp                               0x0800d0d8   Number         0  usenofp.o(x$fpl$usenofp)
    CRC8_INIT                                0x0800d11c   Data           1  crc.o(.constdata)
    CRC8_TAB                                 0x0800d11d   Data         256  crc.o(.constdata)
    wCRC_Table                               0x0800d21e   Data         512  crc.o(.constdata)
    sinTable_f32                             0x0800d44c   Data        2052  arm_common_tables.o(.constdata)
    Region$$Table$$Base                      0x0800dd90   Number         0  anon$$obj.o(Region$$Table)
    Region$$Table$$Limit                     0x0800ddb0   Number         0  anon$$obj.o(Region$$Table)
    __stdout                                 0x20000014   Data           4  usart.o(.data)
    USART_RX_STA                             0x20000018   Data           2  usart.o(.data)
    temperature                              0x2000001c   Data          12  adc.o(.data)
    PID_INCR_TEMP                            0x20000094   Data          12  ins_task.o(.data)
    ins_set_counts                           0x200000a2   Data           2  ins_task.o(.data)
    SystemCoreClock                          0x200000ac   Data           4  system_stm32f4xx.o(.data)
    AHBPrescTable                            0x200000b0   Data          16  system_stm32f4xx.o(.data)
    mpu_temp                                 0x200000c0   Data           1  bsp.o(.data)
    can_data                                 0x200000c4   Data           3  encoder.o(.data)
    byte2float                               0x200000c8   Data           8  encoder.o(.data)
    rx_cnt                                   0x200000d0   Data           4  encoder.o(.data)
    rx_id                                    0x200000d4   Data           4  encoder.o(.data)
    CRC_INIT                                 0x200000d8   Data           2  crc.o(.data)
    FOA                                      0x200000e0   Data           8  serial.o(.data)
    b                                        0x200000e8   Data          32  serial.o(.data)
    a                                        0x20000108   Data          32  serial.o(.data)
    mode                                     0x20000128   Data           1  serial.o(.data)
    SEE_yaw_angle                            0x2000012a   Data           2  serial.o(.data)
    SEE_pitch_angle                          0x2000012c   Data           2  serial.o(.data)
    z                                        0x20000130   Data           4  serial.o(.data)
    usart_see                                0x20000138   Data           8  serial.o(.data)
    yaw_yaw                                  0x20000140   Data           2  serial.o(.data)
    pitch_pitch                              0x20000142   Data           2  serial.o(.data)
    vision_flag                              0x20000144   Data           1  serial.o(.data)
    head                                     0x20000145   Data           4  pwm.o(.data)
    copy_usatr                               0x2000014c   Data           4  judgement_info.o(.data)
    heat_diff                                0x20000150   Data           4  judgement_info.o(.data)
    JudgeSystemUart3_RXFIFO                  0x20000158   Data           4  judgesystem.o(.data)
    JudgeSystem_init                         0x2000015c   Data           4  judgesystem.o(.data)
    USART_INT                                0x20000160   Data           4  judgesystem.o(.data)
    look_usart_length                        0x20000164   Data           1  judgesystem.o(.data)
    uart7_cnts                               0x20000168   Data           8  judgesystem.o(.data)
    last_7_cnts                              0x20000170   Data           8  judgesystem.o(.data)
    now_7_cnts                               0x20000178   Data           8  judgesystem.o(.data)
    _7_times                                 0x20000180   Data           8  judgesystem.o(.data)
    _7_flag                                  0x20000188   Data           1  judgesystem.o(.data)
    power_control_state                      0x20000190   Data           1  com_with_power_control.o(.data)
    power_control                            0x20000194   Data           8  com_with_power_control.o(.data)
    aauu                                     0x2000019c   Data           4  com_with_power_control.o(.data)
    charge_flag                              0x200001a0   Data           1  com_with_power_control.o(.data)
    cooler_times                             0x200001a4   Data           4  com_with_power_control.o(.data)
    power_buffer                             0x200001a8   Data           2  com_with_power_control.o(.data)
    last_power_buffer                        0x200001aa   Data           2  com_with_power_control.o(.data)
    power_diff                               0x200001ac   Data           2  com_with_power_control.o(.data)
    power_buffer_cnts                        0x200001b0   Data           4  com_with_power_control.o(.data)
    toggle_ms                                0x200001b8   Data           8  com_with_power_control.o(.data)
    com_flag                                 0x200001c0   Data           1  com_with_power_control.o(.data)
    state_3_times                            0x200001c4   Data           4  com_with_power_control.o(.data)
    state_2_times                            0x200001c8   Data           4  com_with_power_control.o(.data)
    real_power                               0x200001cc   Data           2  com_with_power_control.o(.data)
    limit_power                              0x200001ce   Data           2  com_with_power_control.o(.data)
    now_power_state                          0x200001d0   Data           1  com_with_power_control.o(.data)
    last_power_state                         0x200001d1   Data           1  com_with_power_control.o(.data)
    power_state_flag                         0x200001d2   Data           1  com_with_power_control.o(.data)
    wait_charge_flag                         0x200001d8   Data           8  com_with_power_control.o(.data)
    fly_flag                                 0x200001e0   Data           4  cloudmotor.o(.data)
    differ_set                               0x200001e4   Data           4  cloudmotor.o(.data)
    last_set                                 0x200001e8   Data           4  cloudmotor.o(.data)
    new_set                                  0x200001ec   Data           4  cloudmotor.o(.data)
    fly_times                                0x200001f0   Data           4  cloudmotor.o(.data)
    PITCH_SEE                                0x200001f4   Data           1  cloudmotor.o(.data)
    AccStep                                  0x200001f8   Data         670  chassismotor.o(.data)
    deal_W                                   0x20000498   Data           4  chassismotor.o(.data)
    deal_A                                   0x2000049c   Data           4  chassismotor.o(.data)
    deal_S                                   0x200004a0   Data           4  chassismotor.o(.data)
    deal_D                                   0x200004a4   Data           4  chassismotor.o(.data)
    t_W                                      0x200004a8   Data           4  chassismotor.o(.data)
    t_A                                      0x200004ac   Data           4  chassismotor.o(.data)
    t_S                                      0x200004b0   Data           4  chassismotor.o(.data)
    t_D                                      0x200004b4   Data           4  chassismotor.o(.data)
    NIUYAO                                   0x200004b8   Data           1  chassismotor.o(.data)
    rc_x                                     0x200004bc   Data           4  chassismotor.o(.data)
    rc_y                                     0x200004c0   Data           4  chassismotor.o(.data)
    X                                        0x200004c4   Data           4  chassismotor.o(.data)
    Y                                        0x200004c8   Data           4  chassismotor.o(.data)
    fireFlag                                 0x200004d0   Data           8  firemotor.o(.data)
    last_shift                               0x200004d8   Data           2  firemotor.o(.data)
    now_shift                                0x200004da   Data           2  firemotor.o(.data)
    run_flag                                 0x200004dc   Data           1  imu.o(.data)
    offset_OK_flag                           0x200004dd   Data           1  imu.o(.data)
    offset_OK_flag1                          0x200004de   Data           1  imu.o(.data)
    look_usat_byte                           0x200004df   Data           1  communicate.o(.data)
    time_1ms                                 0x200004e8   Data           1  control_task.o(.data)
    power_all                                0x200004f0   Data           8  control_task.o(.data)
    USART_RX_BUF                             0x20000508   Data         200  usart.o(.bss)
    mpu6500_spi_rxbuf                        0x200005d0   Data          23  ins_task.o(.bss)
    mpu6500_real_data                        0x200005e8   Data          32  ins_task.o(.bss)
    INS_Angle                                0x2000066c   Data          12  ins_task.o(.bss)
    pid                                      0x200006ac   Data        1292  rm_pid.o(.bss)
    pid_incr                                 0x20000bb8   Data         408  rm_pid.o(.bss)
    out                                      0x20000d50   Data          68  rm_pid.o(.bss)
    out_incr                                 0x20000d94   Data          24  rm_pid.o(.bss)
    CM1Encoder                               0x20000dac   Data          80  encoder.o(.bss)
    CM2Encoder                               0x20000dfc   Data          80  encoder.o(.bss)
    CM3Encoder                               0x20000e4c   Data          80  encoder.o(.bss)
    CM4Encoder                               0x20000e9c   Data          80  encoder.o(.bss)
    GMYawEncoder                             0x20000eec   Data          80  encoder.o(.bss)
    GMPitchEncoder                           0x20000f3c   Data          80  encoder.o(.bss)
    CMFeedEncoder                            0x20000f8c   Data          80  encoder.o(.bss)
    RXBuff                                   0x20000fe0   Data          18  remote.o(.bss)
    rc                                       0x20000ff8   Data          72  remote.o(.bss)
    SEE_RXBuff                               0x20001040   Data          18  serial.o(.bss)
    SEE_rx_data                              0x20001052   Data          18  serial.o(.bss)
    enemy_position                           0x20001064   Data          28  serial.o(.bss)
    usart_xBuf                               0x20001080   Data          32  serial.o(.bss)
    usart_yBuf                               0x200010a0   Data          32  serial.o(.bss)
    OFFSET_Buffer                            0x200010c0   Data          24  stmflash.o(.bss)
    OFFSET_Buffer_Acc                        0x200010d8   Data          24  stmflash.o(.bss)
    judge_rece_mesg                          0x200010f0   Data          91  judgement_info.o(.bss)
    RX3Buff                                  0x2000114b   Data         160  judgesystem.o(.bss)
    t_angle                                  0x200011ec   Data          60  cloudmotor.o(.bss)
    chassis_set                              0x20001228   Data          96  chassismotor.o(.bss)
    feed_set                                 0x20001288   Data          12  feedmotor.o(.bss)
    ramp_start                               0x20001294   Data          40  firemotor.o(.bss)
    fire_enconderL                           0x200012bc   Data          44  firemotor.o(.bss)
    fire_enconderR                           0x200012e8   Data          44  firemotor.o(.bss)
    real_angle                               0x20001314   Data          48  imu.o(.bss)
    __libspace_start                         0x20001344   Data          96  libspace.o(.bss)
    __temporary_stack_top$libspace           0x200013a4   Data           0  libspace.o(.bss)



==============================================================================

Memory Map of the image

  Image Entry point : 0x080001ad

  Load Region LR_IROM1 (Base: 0x08000000, Size: 0x0000e2b8, Max: 0x00100000, ABSOLUTE, COMPRESSED[0x0000e028])

    Execution Region ER_IROM1 (Base: 0x08000000, Size: 0x0000ddb0, Max: 0x00100000, ABSOLUTE)

    Base Addr    Size         Type   Attr      Idx    E Section Name        Object

    0x08000000   0x000001ac   Data   RO            3    RESET               startup_stm32f427xx.o
    0x080001ac   0x00000008   Code   RO         2953  * !!!main             c_w.l(__main.o)
    0x080001b4   0x00000034   Code   RO         3369    !!!scatter          c_w.l(__scatter.o)
    0x080001e8   0x0000005a   Code   RO         3367    !!dczerorl2         c_w.l(__dczerorl2.o)
    0x08000242   0x00000002   PAD
    0x08000244   0x0000001c   Code   RO         3371    !!handler_zi        c_w.l(__scatter_zi.o)
    0x08000260   0x00000002   Code   RO         3310    .ARM.Collect$$libinit$$00000000  c_w.l(libinit.o)
    0x08000262   0x00000004   Code   RO         3095    .ARM.Collect$$libinit$$00000001  c_w.l(libinit2.o)
    0x08000266   0x00000000   Code   RO         3098    .ARM.Collect$$libinit$$00000004  c_w.l(libinit2.o)
    0x08000266   0x00000008   Code   RO         3099    .ARM.Collect$$libinit$$00000005  c_w.l(libinit2.o)
    0x0800026e   0x00000000   Code   RO         3101    .ARM.Collect$$libinit$$0000000A  c_w.l(libinit2.o)
    0x0800026e   0x00000000   Code   RO         3103    .ARM.Collect$$libinit$$0000000C  c_w.l(libinit2.o)
    0x0800026e   0x00000000   Code   RO         3105    .ARM.Collect$$libinit$$0000000E  c_w.l(libinit2.o)
    0x0800026e   0x00000000   Code   RO         3108    .ARM.Collect$$libinit$$00000011  c_w.l(libinit2.o)
    0x0800026e   0x00000000   Code   RO         3110    .ARM.Collect$$libinit$$00000013  c_w.l(libinit2.o)
    0x0800026e   0x00000000   Code   RO         3112    .ARM.Collect$$libinit$$00000015  c_w.l(libinit2.o)
    0x0800026e   0x00000000   Code   RO         3114    .ARM.Collect$$libinit$$00000017  c_w.l(libinit2.o)
    0x0800026e   0x00000000   Code   RO         3116    .ARM.Collect$$libinit$$00000019  c_w.l(libinit2.o)
    0x0800026e   0x00000000   Code   RO         3118    .ARM.Collect$$libinit$$0000001B  c_w.l(libinit2.o)
    0x0800026e   0x00000000   Code   RO         3120    .ARM.Collect$$libinit$$0000001D  c_w.l(libinit2.o)
    0x0800026e   0x00000000   Code   RO         3122    .ARM.Collect$$libinit$$0000001F  c_w.l(libinit2.o)
    0x0800026e   0x00000000   Code   RO         3124    .ARM.Collect$$libinit$$00000021  c_w.l(libinit2.o)
    0x0800026e   0x00000000   Code   RO         3126    .ARM.Collect$$libinit$$00000023  c_w.l(libinit2.o)
    0x0800026e   0x00000000   Code   RO         3128    .ARM.Collect$$libinit$$00000025  c_w.l(libinit2.o)
    0x0800026e   0x00000000   Code   RO         3132    .ARM.Collect$$libinit$$0000002C  c_w.l(libinit2.o)
    0x0800026e   0x00000000   Code   RO         3134    .ARM.Collect$$libinit$$0000002E  c_w.l(libinit2.o)
    0x0800026e   0x00000000   Code   RO         3136    .ARM.Collect$$libinit$$00000030  c_w.l(libinit2.o)
    0x0800026e   0x00000000   Code   RO         3138    .ARM.Collect$$libinit$$00000032  c_w.l(libinit2.o)
    0x0800026e   0x00000002   Code   RO         3139    .ARM.Collect$$libinit$$00000033  c_w.l(libinit2.o)
    0x08000270   0x00000002   Code   RO         3364    .ARM.Collect$$libshutdown$$00000000  c_w.l(libshutdown.o)
    0x08000272   0x00000000   Code   RO         3324    .ARM.Collect$$libshutdown$$00000002  c_w.l(libshutdown2.o)
    0x08000272   0x00000000   Code   RO         3326    .ARM.Collect$$libshutdown$$00000004  c_w.l(libshutdown2.o)
    0x08000272   0x00000000   Code   RO         3329    .ARM.Collect$$libshutdown$$00000007  c_w.l(libshutdown2.o)
    0x08000272   0x00000000   Code   RO         3332    .ARM.Collect$$libshutdown$$0000000A  c_w.l(libshutdown2.o)
    0x08000272   0x00000000   Code   RO         3334    .ARM.Collect$$libshutdown$$0000000C  c_w.l(libshutdown2.o)
    0x08000272   0x00000000   Code   RO         3337    .ARM.Collect$$libshutdown$$0000000F  c_w.l(libshutdown2.o)
    0x08000272   0x00000002   Code   RO         3338    .ARM.Collect$$libshutdown$$00000010  c_w.l(libshutdown2.o)
    0x08000274   0x00000000   Code   RO         3059    .ARM.Collect$$rtentry$$00000000  c_w.l(__rtentry.o)
    0x08000274   0x00000000   Code   RO         3228    .ARM.Collect$$rtentry$$00000002  c_w.l(__rtentry2.o)
    0x08000274   0x00000006   Code   RO         3240    .ARM.Collect$$rtentry$$00000004  c_w.l(__rtentry4.o)
    0x0800027a   0x00000000   Code   RO         3230    .ARM.Collect$$rtentry$$00000009  c_w.l(__rtentry2.o)
    0x0800027a   0x00000004   Code   RO         3231    .ARM.Collect$$rtentry$$0000000A  c_w.l(__rtentry2.o)
    0x0800027e   0x00000000   Code   RO         3233    .ARM.Collect$$rtentry$$0000000C  c_w.l(__rtentry2.o)
    0x0800027e   0x00000008   Code   RO         3234    .ARM.Collect$$rtentry$$0000000D  c_w.l(__rtentry2.o)
    0x08000286   0x00000002   Code   RO         3311    .ARM.Collect$$rtexit$$00000000  c_w.l(rtexit.o)
    0x08000288   0x00000000   Code   RO         3340    .ARM.Collect$$rtexit$$00000002  c_w.l(rtexit2.o)
    0x08000288   0x00000004   Code   RO         3341    .ARM.Collect$$rtexit$$00000003  c_w.l(rtexit2.o)
    0x0800028c   0x00000006   Code   RO         3342    .ARM.Collect$$rtexit$$00000004  c_w.l(rtexit2.o)
    0x08000292   0x00000002   PAD
    0x08000294   0x00000000   Code   RO         3251    .emb_text           c_w.l(maybetermalloc1.o)
    0x08000294   0x0000004c   Code   RO            4    .text               startup_stm32f427xx.o
    0x080002e0   0x000000e0   Code   RO           13    .text               misc.o
    0x080003c0   0x00000464   Code   RO          148    .text               stm32f4xx_adc.o
    0x08000824   0x000009f0   Code   RO          172    .text               stm32f4xx_can.o
    0x08001214   0x000003a8   Code   RO          430    .text               stm32f4xx_dma.o
    0x080015bc   0x00000110   Code   RO          499    .text               stm32f4xx_exti.o
    0x080016cc   0x00000698   Code   RO          523    .text               stm32f4xx_flash.o
    0x08001d64   0x00000294   Code   RO          622    .text               stm32f4xx_gpio.o
    0x08001ff8   0x00000660   Code   RO          859    .text               stm32f4xx_rcc.o
    0x08002658   0x00000480   Code   RO         1002    .text               stm32f4xx_spi.o
    0x08002ad8   0x00000094   Code   RO         1026    .text               stm32f4xx_syscfg.o
    0x08002b6c   0x00000ca2   Code   RO         1050    .text               stm32f4xx_tim.o
    0x0800380e   0x00000002   PAD
    0x08003810   0x00000454   Code   RO         1074    .text               stm32f4xx_usart.o
    0x08003c64   0x00000104   Code   RO         1122    .text               delay.o
    0x08003d68   0x00000148   Code   RO         1176    .text               usart.o
    0x08003eb0   0x000000e8   Code   RO         1211    .text               ahrs_middleware.o
    0x08003f98   0x000003c4   Code   RO         1460    .text               mpu6500driver.o
    0x0800435c   0x00000168   Code   RO         1559    .text               mpu6500driver_middleware.o
    0x080044c4   0x000001a8   Code   RO         1633    .text               adc.o
    0x0800466c   0x00000558   Code   RO         1663    .text               ins_task.o
    0x08004bc4   0x0000001e   Code   RO         1696    .text               main.o
    0x08004be2   0x00000014   Code   RO         1764    .text               stm32f4xx_it.o
    0x08004bf6   0x00000002   PAD
    0x08004bf8   0x00000244   Code   RO         1791    .text               system_stm32f4xx.o
    0x08004e3c   0x000000bc   Code   RO         1821    .text               bsp.o
    0x08004ef8   0x000000a8   Code   RO         1848    .text               timer.o
    0x08004fa0   0x000001ac   Code   RO         1872    .text               can1.o
    0x0800514c   0x00000170   Code   RO         1896    .text               can2.o
    0x080052bc   0x00000810   Code   RO         1920    .text               rm_pid.o
    0x08005acc   0x00000250   Code   RO         1951    .text               encoder.o
    0x08005d1c   0x00000490   Code   RO         1982    .text               remote.o
    0x080061ac   0x00000114   Code   RO         2019    .text               crc.o
    0x080062c0   0x00000430   Code   RO         2047    .text               serial.o
    0x080066f0   0x00000194   Code   RO         2078    .text               stmflash.o
    0x08006884   0x00000280   Code   RO         2108    .text               spi.o
    0x08006b04   0x00000330   Code   RO         2132    .text               pwm.o
    0x08006e34   0x00000058   Code   RO         2159    .text               laser.o
    0x08006e8c   0x000000d8   Code   RO         2183    .text               buzzer.o
    0x08006f64   0x00000094   Code   RO         2207    .text               power_24v.o
    0x08006ff8   0x00000030   Code   RO         2231    .text               shoot_plan.o
    0x08007028   0x00000222   Code   RO         2255    .text               data_fifo.o
    0x0800724a   0x00000002   PAD
    0x0800724c   0x000001a8   Code   RO         2286    .text               judgement_info.o
    0x080073f4   0x00000258   Code   RO         2317    .text               judgesystem.o
    0x0800764c   0x000001d0   Code   RO         2345    .text               led.o
    0x0800781c   0x00000380   Code   RO         2369    .text               com_with_power_control.o
    0x08007b9c   0x000005c8   Code   RO         2397    .text               cloudmotor.o
    0x08008164   0x00000940   Code   RO         2429    .text               chassismotor.o
    0x08008aa4   0x00000134   Code   RO         2461    .text               feedmotor.o
    0x08008bd8   0x000002b0   Code   RO         2491    .text               firemotor.o
    0x08008e88   0x00000064   Code   RO         2522    .text               minipc.o
    0x08008eec   0x000002a4   Code   RO         2546    .text               imu.o
    0x08009190   0x00000258   Code   RO         2579    .text               communicate.o
    0x080093e8   0x000000fc   Code   RO         2606    .text               control_task.o
    0x080094e4   0x00000078   Code   RO         2634    .text               arm_cortexM4lf_math.lib(arm_cos_f32.o)
    0x0800955c   0x00000074   Code   RO         2687    .text               arm_cortexM4lf_math.lib(arm_sin_f32.o)
    0x080095d0   0x00000002   Code   RO         2879    .text               c_w.l(use_no_semi_2.o)
    0x080095d2   0x0000005e   Code   RO         2885    .text               c_w.l(h1_alloc.o)
    0x08009630   0x0000004e   Code   RO         2887    .text               c_w.l(h1_free.o)
    0x0800967e   0x000000ee   Code   RO         2943    .text               c_w.l(lludivv7m.o)
    0x0800976c   0x0000008a   Code   RO         2945    .text               c_w.l(rt_memcpy_v6.o)
    0x080097f6   0x00000044   Code   RO         2947    .text               c_w.l(rt_memclr.o)
    0x0800983a   0x0000004e   Code   RO         2949    .text               c_w.l(rt_memclr_w.o)
    0x08009888   0x00000006   Code   RO         2951    .text               c_w.l(heapauxi.o)
    0x0800988e   0x00000002   Code   RO         3055    .text               c_w.l(use_no_semi.o)
    0x08009890   0x00000008   Code   RO         3067    .text               c_w.l(rt_heap_descriptor_intlibspace.o)
    0x08009898   0x00000004   Code   RO         3069    .text               c_w.l(hguard.o)
    0x0800989c   0x0000008a   Code   RO         3071    .text               c_w.l(init_alloc.o)
    0x08009926   0x0000000e   Code   RO         3075    .text               c_w.l(h1_init.o)
    0x08009934   0x00000016   Code   RO         3089    .text               c_w.l(_rserrno.o)
    0x0800994a   0x00000064   Code   RO         3091    .text               c_w.l(rt_memcpy_w.o)
    0x080099ae   0x00000002   PAD
    0x080099b0   0x00000008   Code   RO         3224    .text               c_w.l(libspace.o)
    0x080099b8   0x00000008   Code   RO         3247    .text               c_w.l(rt_errno_addr_intlibspace.o)
    0x080099c0   0x00000034   Code   RO         3253    .text               c_w.l(h1_extend.o)
    0x080099f4   0x00000030   Code   RO         3257    .text               c_w.l(_fptrap.o)
    0x08009a24   0x0000000e   Code   RO         3259    .text               c_w.l(defsig_rtmem_outer.o)
    0x08009a32   0x0000004a   Code   RO         3285    .text               c_w.l(sys_stackheap_outer.o)
    0x08009a7c   0x00000012   Code   RO         3291    .text               c_w.l(exit.o)
    0x08009a8e   0x0000000a   Code   RO         3293    .text               c_w.l(defsig_exit.o)
    0x08009a98   0x0000000e   Code   RO         3295    .text               c_w.l(defsig_fpe_outer.o)
    0x08009aa6   0x00000002   PAD
    0x08009aa8   0x00000050   Code   RO         3299    .text               c_w.l(defsig_rtmem_inner.o)
    0x08009af8   0x00000032   Code   RO         3319    .text               c_w.l(defsig_general.o)
    0x08009b2a   0x00000002   PAD
    0x08009b2c   0x000000ac   Code   RO         3321    .text               c_w.l(defsig_fpe_inner.o)
    0x08009bd8   0x0000001a   Code   RO         2708    i.AHRS_fabs         AHRS.lib(ahrs.o)
    0x08009bf2   0x00000002   PAD
    0x08009bf4   0x0000029c   Code   RO         2709    i.AHRS_init         AHRS.lib(ahrs.o)
    0x08009e90   0x0000013a   Code   RO         2710    i.AHRS_update       AHRS.lib(ahrs.o)
    0x08009fca   0x00000030   Code   RO         3280    i.__ARM_fpclassify  m_wm.l(fpclassify.o)
    0x08009ffa   0x00000026   Code   RO         3180    i.__ARM_fpclassifyf  m_wm.l(fpclassifyf.o)
    0x0800a020   0x00000118   Code   RO         2977    i.__hardfp_acosf    m_wm.l(acosf.o)
    0x0800a138   0x0000012c   Code   RO         2989    i.__hardfp_asinf    m_wm.l(asinf.o)
    0x0800a264   0x00000250   Code   RO         3001    i.__hardfp_atan2f   m_wm.l(atan2f.o)
    0x0800a4b4   0x00000004   PAD
    0x0800a4b8   0x000000c8   Code   RO         3013    i.__hardfp_cos      m_wm.l(cos.o)
    0x0800a580   0x00000014   Code   RO         3025    i.__hardfp_fabs     m_wm.l(fabs.o)
    0x0800a594   0x00000004   PAD
    0x0800a598   0x000000c8   Code   RO         3031    i.__hardfp_sin      m_wm.l(sin.o)
    0x0800a660   0x0000017c   Code   RO         3043    i.__hardfp_tanf     m_wm.l(tanf.o)
    0x0800a7dc   0x00000004   PAD
    0x0800a7e0   0x00000438   Code   RO         3196    i.__ieee754_rem_pio2  m_wm.l(rred.o)
    0x0800ac18   0x00000170   Code   RO         3163    i.__kernel_cos      m_wm.l(cos_i.o)
    0x0800ad88   0x000000f8   Code   RO         3282    i.__kernel_poly     m_wm.l(poly.o)
    0x0800ae80   0x00000130   Code   RO         3204    i.__kernel_sin      m_wm.l(sin_i.o)
    0x0800afb0   0x00000014   Code   RO         3167    i.__mathlib_dbl_infnan  m_wm.l(dunder.o)
    0x0800afc4   0x00000004   PAD
    0x0800afc8   0x00000020   Code   RO         3169    i.__mathlib_dbl_invalid  m_wm.l(dunder.o)
    0x0800afe8   0x00000020   Code   RO         3172    i.__mathlib_dbl_underflow  m_wm.l(dunder.o)
    0x0800b008   0x00000006   Code   RO         3183    i.__mathlib_flt_infnan  m_wm.l(funder.o)
    0x0800b00e   0x00000006   Code   RO         3184    i.__mathlib_flt_infnan2  m_wm.l(funder.o)
    0x0800b014   0x00000010   Code   RO         3185    i.__mathlib_flt_invalid  m_wm.l(funder.o)
    0x0800b024   0x00000010   Code   RO         3188    i.__mathlib_flt_underflow  m_wm.l(funder.o)
    0x0800b034   0x00000154   Code   RO         3201    i.__mathlib_rredf2  m_wm.l(rredf.o)
    0x0800b188   0x000001d0   Code   RO         2711    i.accel_comple_filter  AHRS.lib(ahrs.o)
    0x0800b358   0x0000018c   Code   RO         2712    i.accel_update_kp_ki  AHRS.lib(ahrs.o)
    0x0800b4e4   0x0000016c   Code   RO         2713    i.angle_to_quat     AHRS.lib(ahrs.o)
    0x0800b650   0x00000018   Code   RO         3027    i.fabs              m_wm.l(fabs.o)
    0x0800b668   0x000000e8   Code   RO         2714    i.get_angle         AHRS.lib(ahrs.o)
    0x0800b750   0x00000084   Code   RO         2719    i.quat_normalization  AHRS.lib(ahrs.o)
    0x0800b7d4   0x0000003e   Code   RO         3212    i.sqrtf             m_wm.l(sqrtf_full.o)
    0x0800b812   0x0000007a   Code   RO         2720    i.update_w          AHRS.lib(ahrs.o)
    0x0800b88c   0x00000018   Code   RO         3140    x$fpl$basic         g_wm.l(basic.o)
    0x0800b8a4   0x000002c4   Code   RO         2955    x$fpl$d2f           g_wm.l(d2f_clz.o)
    0x0800bb68   0x0000024c   Code   RO         2957    x$fpl$dadd          g_wm.l(daddsub_clz.o)
    0x0800bdb4   0x00000018   Code   RO         3142    x$fpl$dcmpinf       g_wm.l(dcmpi.o)
    0x0800bdcc   0x0000037c   Code   RO         3269    x$fpl$ddiv          g_wm.l(ddiv_clz.o)
    0x0800c148   0x000000c8   Code   RO         3272    x$fpl$dfix          g_wm.l(dfix.o)
    0x0800c210   0x0000002e   Code   RO         2964    x$fpl$dflt          g_wm.l(dflt_clz.o)
    0x0800c23e   0x0000001a   Code   RO         2965    x$fpl$dfltn         g_wm.l(dflt_clz.o)
    0x0800c258   0x00000026   Code   RO         2963    x$fpl$dfltu         g_wm.l(dflt_clz.o)
    0x0800c27e   0x00000002   PAD
    0x0800c280   0x00000078   Code   RO         2969    x$fpl$dleqf         g_wm.l(dleqf.o)
    0x0800c2f8   0x000001c0   Code   RO         2971    x$fpl$dmul          g_wm.l(dmul_clz.o)
    0x0800c4b8   0x00000102   Code   RO         3144    x$fpl$dnaninf       g_wm.l(dnaninf.o)
    0x0800c5ba   0x00000070   Code   RO         3146    x$fpl$drenorm       g_wm.l(drenorm_clz.o)
    0x0800c62a   0x0000000c   Code   RO         3148    x$fpl$dretinf       g_wm.l(dretinf.o)
    0x0800c636   0x00000062   Code   RO         2973    x$fpl$drleqf        g_wm.l(drleqf.o)
    0x0800c698   0x00000050   Code   RO         2958    x$fpl$drsb          g_wm.l(daddsub_clz.o)
    0x0800c6e8   0x0000029c   Code   RO         2959    x$fpl$dsub          g_wm.l(daddsub_clz.o)
    0x0800c984   0x0000017a   Code   RO         3150    x$fpl$dunder        g_wm.l(dunder_clz.o)
    0x0800cafe   0x00000002   PAD
    0x0800cb00   0x000001ec   Code   RO         3152    x$fpl$exception     g_wm.l(except.o)
    0x0800ccec   0x0000007a   Code   RO         2975    x$fpl$f2d           g_wm.l(f2d.o)
    0x0800cd66   0x000000f2   Code   RO         3154    x$fpl$fnaninf       g_wm.l(fnaninf.o)
    0x0800ce58   0x0000000a   Code   RO         3276    x$fpl$fpinit        g_wm.l(fpinit.o)
    0x0800ce62   0x0000000a   Code   RO         3156    x$fpl$fretinf       g_wm.l(fretinf.o)
    0x0800ce6c   0x0000013c   Code   RO         3158    x$fpl$funder        g_wm.l(funder_clz.o)
    0x0800cfa8   0x000000b2   Code   RO         3278    x$fpl$retnan        g_wm.l(retnan.o)
    0x0800d05a   0x0000007e   Code   RO         3160    x$fpl$trapveneer    g_wm.l(trapv.o)
    0x0800d0d8   0x00000000   Code   RO         3162    x$fpl$usenofp       g_wm.l(usenofp.o)
    0x0800d0d8   0x0000002a   Data   RO         1461    .constdata          mpu6500driver.o
    0x0800d102   0x00000002   PAD
    0x0800d104   0x0000000c   Data   RO         1665    .constdata          ins_task.o
    0x0800d110   0x0000000c   Data   RO         1922    .constdata          rm_pid.o
    0x0800d11c   0x00000302   Data   RO         2020    .constdata          crc.o
    0x0800d41e   0x00000002   PAD
    0x0800d420   0x00000008   Data   RO         2431    .constdata          chassismotor.o
    0x0800d428   0x00000017   Data   RO         2548    .constdata          imu.o
    0x0800d43f   0x00000001   PAD
    0x0800d440   0x0000000c   Data   RO         2721    .constdata          AHRS.lib(ahrs.o)
    0x0800d44c   0x00000804   Data   RO         2854    .constdata          arm_cortexM4lf_math.lib(arm_common_tables.o)
    0x0800dc50   0x00000030   Data   RO         3164    .constdata          m_wm.l(cos_i.o)
    0x0800dc80   0x000000c8   Data   RO         3198    .constdata          m_wm.l(rred.o)
    0x0800dd48   0x00000020   Data   RO         3202    .constdata          m_wm.l(rredf.o)
    0x0800dd68   0x00000028   Data   RO         3205    .constdata          m_wm.l(sin_i.o)
    0x0800dd90   0x00000020   Data   RO         3365    Region$$Table       anon$$obj.o


    Execution Region RW_IRAM2 (Base: 0x10000000, Size: 0x00000000, Max: 0x00010000, ABSOLUTE)

    **** No section assigned to this execution region ****


    Execution Region RW_IRAM1 (Base: 0x20000000, Size: 0x000017a8, Max: 0x00030000, ABSOLUTE, COMPRESSED[0x00000278])

    Base Addr    Size         Type   Attr      Idx    E Section Name        Object

    0x20000000   0x00000010   Data   RW          860    .data               stm32f4xx_rcc.o
    0x20000010   0x00000004   Data   RW         1123    .data               delay.o
    0x20000014   0x00000006   Data   RW         1178    .data               usart.o
    0x2000001a   0x00000001   Data   RW         1462    .data               mpu6500driver.o
    0x2000001b   0x00000001   PAD
    0x2000001c   0x0000000c   Data   RW         1634    .data               adc.o
    0x20000028   0x00000083   Data   RW         1666    .data               ins_task.o
    0x200000ab   0x00000001   PAD
    0x200000ac   0x00000014   Data   RW         1792    .data               system_stm32f4xx.o
    0x200000c0   0x00000001   Data   RW         1822    .data               bsp.o
    0x200000c1   0x00000003   PAD
    0x200000c4   0x00000014   Data   RW         1953    .data               encoder.o
    0x200000d8   0x00000002   Data   RW         2021    .data               crc.o
    0x200000da   0x00000006   PAD
    0x200000e0   0x00000065   Data   RW         2049    .data               serial.o
    0x20000145   0x00000004   Data   RW         2133    .data               pwm.o
    0x20000149   0x00000003   PAD
    0x2000014c   0x00000008   Data   RW         2288    .data               judgement_info.o
    0x20000154   0x00000004   PAD
    0x20000158   0x00000031   Data   RW         2319    .data               judgesystem.o
    0x20000189   0x00000007   PAD
    0x20000190   0x00000050   Data   RW         2370    .data               com_with_power_control.o
    0x200001e0   0x00000015   Data   RW         2399    .data               cloudmotor.o
    0x200001f5   0x00000003   PAD
    0x200001f8   0x000002d4   Data   RW         2432    .data               chassismotor.o
    0x200004cc   0x00000004   PAD
    0x200004d0   0x0000000c   Data   RW         2493    .data               firemotor.o
    0x200004dc   0x00000003   Data   RW         2549    .data               imu.o
    0x200004df   0x00000002   Data   RW         2580    .data               communicate.o
    0x200004e1   0x00000007   PAD
    0x200004e8   0x00000010   Data   RW         2607    .data               control_task.o
    0x200004f8   0x00000010   Data   RW         2722    .data               AHRS.lib(ahrs.o)
    0x20000508   0x000000c8   Zero   RW         1177    .bss                usart.o
    0x200005d0   0x000000dc   Zero   RW         1664    .bss                ins_task.o
    0x200006ac   0x00000700   Zero   RW         1921    .bss                rm_pid.o
    0x20000dac   0x00000230   Zero   RW         1952    .bss                encoder.o
    0x20000fdc   0x00000004   PAD
    0x20000fe0   0x00000060   Zero   RW         1983    .bss                remote.o
    0x20001040   0x00000080   Zero   RW         2048    .bss                serial.o
    0x200010c0   0x00000030   Zero   RW         2079    .bss                stmflash.o
    0x200010f0   0x0000005b   Zero   RW         2287    .bss                judgement_info.o
    0x2000114b   0x000000a0   Zero   RW         2318    .bss                judgesystem.o
    0x200011eb   0x00000001   PAD
    0x200011ec   0x0000003c   Zero   RW         2398    .bss                cloudmotor.o
    0x20001228   0x00000060   Zero   RW         2430    .bss                chassismotor.o
    0x20001288   0x0000000c   Zero   RW         2462    .bss                feedmotor.o
    0x20001294   0x00000080   Zero   RW         2492    .bss                firemotor.o
    0x20001314   0x00000030   Zero   RW         2547    .bss                imu.o
    0x20001344   0x00000060   Zero   RW         3225    .bss                c_w.l(libspace.o)
    0x200013a4   0x00000004   PAD
    0x200013a8   0x00000000   Zero   RW            2    HEAP                startup_stm32f427xx.o
    0x200013a8   0x00000400   Zero   RW            1    STACK               startup_stm32f427xx.o


==============================================================================

Image component sizes


      Code (inc. data)   RO Data    RW Data    ZI Data      Debug   Object Name

       424         26          0         12          0       2165   adc.o
       232          8          0          0          0       3962   ahrs_middleware.o
       188         10          0          1          0        918   bsp.o
       216          8          0          0          0       1035   buzzer.o
       428         14          0          0          0       1653   can1.o
       368         10          0          0          0       1490   can2.o
      2368        200          8        724         96       5853   chassismotor.o
      1480         88          0         21         60       3315   cloudmotor.o
       896         96          0         80          0       3108   com_with_power_control.o
       600         20          0          2          0       2398   communicate.o
       252         46          0         16          0        964   control_task.o
       276         14        770          2          0       3136   crc.o
       546          0          0          0          0       4347   data_fifo.o
       260          8          0          4          0       1557   delay.o
       592         48          0         20        560       3336   encoder.o
       308         32          0          0         12       1903   feedmotor.o
       688         38          0         12        128       2427   firemotor.o
       676         68         23          3         48       3951   imu.o
      1368        178         12        131        220       5653   ins_task.o
       424         28          0          8         91       4738   judgement_info.o
       600         54          0         49        160       2400   judgesystem.o
        88          6          0          0          0        789   laser.o
       464         18          0          0          0       2088   led.o
        30          0          0          0          0        491   main.o
       100         26          0          0          0        592   minipc.o
       224         20          0          0          0     354125   misc.o
       964         26         42          1          0      10194   mpu6500driver.o
       360         10          0          0          0       3209   mpu6500driver_middleware.o
       148          4          0          0          0       1194   power_24v.o
       816         38          0          4          0       2417   pwm.o
      1168         42          0          0         96      30651   remote.o
      2064         92         12          0       1792       5447   rm_pid.o
      1072         78          0        101        128       3820   serial.o
        48          6          0          0          0        562   shoot_plan.o
       640         20          0          0          0       1826   spi.o
        76         28        428          0       1024        916   startup_stm32f427xx.o
      1124         24          0          0          0      10762   stm32f4xx_adc.o
      2544         38          0          0          0       8220   stm32f4xx_can.o
       936         32          0          0          0       6469   stm32f4xx_dma.o
       272         10          0          0          0       2359   stm32f4xx_exti.o
      1688         24          0          0          0       9490   stm32f4xx_flash.o
       660         44          0          0          0       4233   stm32f4xx_gpio.o
        20          0          0          0          0        983   stm32f4xx_it.o
      1632         54          0         16          0      13264   stm32f4xx_rcc.o
      1152         36          0          0          0       6981   stm32f4xx_spi.o
       148         12          0          0          0       1881   stm32f4xx_syscfg.o
      3234         60          0          0          0      23088   stm32f4xx_tim.o
      1108         34          0          0          0       7956   stm32f4xx_usart.o
       404         52          0          0         48       2999   stmflash.o
       580         46          0         20          0       1931   system_stm32f4xx.o
       168          6          0          0          0        954   timer.o
       328         16          0          6        200       3442   usart.o

    ----------------------------------------------------------------------
     37456       1896       1332       1272       4668     583642   Object Totals
         0          0         32          0          0          0   (incl. Generated)
         6          0          5         39          5          0   (incl. Padding)

    ----------------------------------------------------------------------

      Code (inc. data)   RO Data    RW Data    ZI Data      Debug   Library Member Name

      2718         84         12         16          0       9922   ahrs.o
         0          0       2052          0          0       4636   arm_common_tables.o
       120         12          0          0          0      16970   arm_cos_f32.o
       116         12          0          0          0        658   arm_sin_f32.o
        90          0          0          0          0          0   __dczerorl2.o
         8          0          0          0          0         68   __main.o
         0          0          0          0          0          0   __rtentry.o
        12          0          0          0          0          0   __rtentry2.o
         6          0          0          0          0          0   __rtentry4.o
        52          8          0          0          0          0   __scatter.o
        28          0          0          0          0          0   __scatter_zi.o
        48          4          0          0          0         84   _fptrap.o
        22          0          0          0          0        100   _rserrno.o
        10          0          0          0          0         68   defsig_exit.o
       172        110          0          0          0         76   defsig_fpe_inner.o
        14          0          0          0          0         80   defsig_fpe_outer.o
        50          0          0          0          0         88   defsig_general.o
        80         58          0          0          0         76   defsig_rtmem_inner.o
        14          0          0          0          0         80   defsig_rtmem_outer.o
        18          0          0          0          0         80   exit.o
        94          0          0          0          0         80   h1_alloc.o
        52          0          0          0          0         68   h1_extend.o
        78          0          0          0          0         80   h1_free.o
        14          0          0          0          0         84   h1_init.o
         6          0          0          0          0        152   heapauxi.o
         4          0          0          0          0        136   hguard.o
       138          0          0          0          0        168   init_alloc.o
         2          0          0          0          0          0   libinit.o
        14          0          0          0          0          0   libinit2.o
         2          0          0          0          0          0   libshutdown.o
         2          0          0          0          0          0   libshutdown2.o
         8          4          0          0         96         68   libspace.o
       238          0          0          0          0        100   lludivv7m.o
         0          0          0          0          0          0   maybetermalloc1.o
         8          4          0          0          0         68   rt_errno_addr_intlibspace.o
         8          4          0          0          0         68   rt_heap_descriptor_intlibspace.o
        68          0          0          0          0         68   rt_memclr.o
        78          0          0          0          0         80   rt_memclr_w.o
       138          0          0          0          0         68   rt_memcpy_v6.o
       100          0          0          0          0         80   rt_memcpy_w.o
         2          0          0          0          0          0   rtexit.o
        10          0          0          0          0          0   rtexit2.o
        74          0          0          0          0         80   sys_stackheap_outer.o
         2          0          0          0          0         68   use_no_semi.o
         2          0          0          0          0         68   use_no_semi_2.o
        24          0          0          0          0        164   basic.o
       708         16          0          0          0        140   d2f_clz.o
      1336         32          0          0          0        532   daddsub_clz.o
        24          0          0          0          0        116   dcmpi.o
       892        152          0          0          0        292   ddiv_clz.o
       200         16          0          0          0        184   dfix.o
       110          0          0          0          0        348   dflt_clz.o
       120          8          0          0          0        140   dleqf.o
       448         16          0          0          0        164   dmul_clz.o
       258          4          0          0          0        156   dnaninf.o
       112          0          0          0          0        160   drenorm_clz.o
        12          0          0          0          0        116   dretinf.o
        98          0          0          0          0        128   drleqf.o
       378          0          0          0          0        168   dunder_clz.o
       492         36          0          0          0        148   except.o
       122          8          0          0          0        132   f2d.o
       242          4          0          0          0        144   fnaninf.o
        10          0          0          0          0        116   fpinit.o
        10          0          0          0          0        116   fretinf.o
       316          0          0          0          0        132   funder_clz.o
       178          0          0          0          0        116   retnan.o
       126          0          0          0          0        148   trapv.o
         0          0          0          0          0          0   usenofp.o
       280         46          0          0          0        176   acosf.o
       300         42          0          0          0        176   asinf.o
       592         90          0          0          0        184   atan2f.o
       200         20          0          0          0        164   cos.o
       368         46         48          0          0        200   cos_i.o
        84         16          0          0          0        372   dunder.o
        44          0          0          0          0        248   fabs.o
        48          0          0          0          0        124   fpclassify.o
        38          0          0          0          0        116   fpclassifyf.o
        44         12          0          0          0        464   funder.o
       248          0          0          0          0        152   poly.o
      1080        142        200          0          0        188   rred.o
       340         24         32          0          0        160   rredf.o
       200         20          0          0          0        164   sin.o
       304         24         40          0          0        208   sin_i.o
        62          0          0          0          0        136   sqrtf_full.o
       380         58          0          0          0        200   tanf.o

    ----------------------------------------------------------------------
     15580       1140       2384         16        100      41862   Library Totals
        32          8          0          0          4          0   (incl. Padding)

    ----------------------------------------------------------------------

      Code (inc. data)   RO Data    RW Data    ZI Data      Debug   Library Name

      2718         84         12         16          0       9922   AHRS.lib
       236         24       2052          0          0      22264   arm_cortexM4lf_math.lib
      1766        192          0          0         96       2384   c_w.l
      6216        292          0          0          0       3860   g_wm.l
      4612        540        320          0          0       3432   m_wm.l

    ----------------------------------------------------------------------
     15580       1140       2384         16        100      41862   Library Totals

    ----------------------------------------------------------------------

==============================================================================


      Code (inc. data)   RO Data    RW Data    ZI Data      Debug   

     53036       3036       3716       1288       4768     608204   Grand Totals
     53036       3036       3716        632       4768     608204   ELF Image Totals (compressed)
     53036       3036       3716        632          0          0   ROM Totals

==============================================================================

    Total RO  Size (Code + RO Data)                56752 (  55.42kB)
    Total RW  Size (RW Data + ZI Data)              6056 (   5.91kB)
    Total ROM Size (Code + RO Data + RW Data)      57384 (  56.04kB)

==============================================================================

